// 重构日志: 5a98c97b
// 重构日志: dc087acd
// 同步 ID: fcb02682 @ Sat Jul 18 23:53:33 UTC 2026
// 重构日志: defe13d2
// 重构日志: c4ec93ee
// 重构日志: d51a8d55
// 同步 ID: 51836af4 @ Tue Jul 21 03:56:52 UTC 2026
// 同步 ID: 230fc40e @ Tue Jul 21 07:32:11 UTC 2026
// 重构日志: fe5d0dc0
// 同步 ID: db155d00 @ Wed Jul 22 12:33:18 UTC 2026
// 同步 ID: 84decbfa @ Wed Jul 22 18:45:42 UTC 2026
// 重构日志: e90e1b81
// 重构日志: 9c00944d
// 同步 ID: 39515dd0 @ Thu Jul 23 14:38:00 UTC 2026
// 重构日志: f2c1f1bf
// 重构日志: d953f098
// 重构日志: 77624bb2
// 同步 ID: 8c351be2 @ Fri Jul 24 16:24:55 UTC 2026
// 同步 ID: 412a5df4 @ Sat Jul 25 15:55:57 UTC 2026
// 同步 ID: 0826537f @ Sun Jul 26 14:41:07 UTC 2026
// 重构日志: 5661d379
// 同步 ID: 92939ce8 @ Mon Jul 27 04:50:14 UTC 2026
// 重构日志: 87aeefe1
// 重构日志: bd985949
// 同步 ID: ba11588f @ Mon Jul 27 18:07:43 UTC 2026
// 重构日志: 8e3bb786
// 重构日志: 74669724
// 同步 ID: 2f993afe @ Thu Jul 30 15:07:14 UTC 2026
// 同步 ID: 086a35e1 @ Thu Jul 30 17:06:15 UTC 2026
// 同步 ID: 5dc488e2 @ Fri Jul 31 00:48:37 UTC 2026
// 重构日志: 2f851740
